Core/CMakeLists.txt: OK
Core/app/commands.h: OK
Core/app/main.cpp: OK
Core/app/run.cu: OK
Core/backends/musa/include/cuda_bf16.h: OK
Core/backends/musa/include/cuda_fp16.h: OK
Core/backends/musa/include/cuda_runtime.h: OK
Core/backends/musa/quantize.cuh: OK
Core/benchmarks/benchmark.cu: OK
Core/common/device_math.cuh: OK
Core/common/numeric.h: OK
Core/common/output_type.cuh: OK
Core/common/timing.h: OK
Core/common/types.h: OK
Core/configs/musa_mxfp8.toml: OK
Core/configs/musa_nvfp4.toml: OK
Core/configs/mxfp8.toml: OK
Core/configs/nvfp4.toml: OK
Core/io/output.cuh: OK
Core/io/tensor_io.h: OK
Core/kernels/codec.cuh: OK
Core/kernels/dequantize.cuh: OK
Core/kernels/fallback_quantize.cuh: OK
Core/kernels/mxfp8_quantize.cuh: OK
Core/kernels/nvfp4_quantize.cuh: OK
Core/kernels/reduce.cuh: OK
Core/kernels/scale.cuh: OK
Core/reference/frozen.cpp: OK
Core/reference/frozen.h: OK
Core/reference/mxfp8/CMakeLists.txt: OK
Core/reference/mxfp8/main.cpp: OK
Core/reference/nvfp4/CMakeLists.txt: OK
Core/reference/nvfp4/main.cpp: OK
Core/reference/oracle.cpp: OK
Core/reference/oracle.h: OK
Core/reference/output_compare.cuh: OK
Core/runtime/cuda_utils.cuh: OK
Core/runtime/workspace.cu: OK
Core/runtime/workspace.cuh: OK
Core/tests/device_math.cu: OK
Core/tests/reduction.cu: OK
Core/tests/regression.cu: OK
Core/tests/test_pipeline.py: OK
Core/tests/test_tools.py: OK
Core/tools/benchmark.py: OK
Core/tools/profile.py: OK
Core/tools/quantize.py: OK
