-- The CXX compiler identification is GNU 13.3.0
-- The CUDA compiler identification is NVIDIA 12.0.140
-- Detecting CXX compiler ABI info
-- Detecting CXX compiler ABI info - done
-- Check for working CXX compiler: /usr/bin/c++ - skipped
-- Detecting CXX compile features
-- Detecting CXX compile features - done
-- Detecting CUDA compiler ABI info
-- Detecting CUDA compiler ABI info - done
-- Check for working CUDA compiler: /usr/bin/nvcc - skipped
-- Detecting CUDA compile features
-- Detecting CUDA compile features - done
-- Found Python3: /usr/bin/python3 (found suitable version "3.12.3", minimum required is "3.11") found components: Interpreter
-- Configuring done (5.7s)
-- Generating done (0.0s)
-- Build files have been written to: /tmp/lp-before-structure-e5d625rk/Core/build
[ 33%] Building CUDA object CMakeFiles/pipeline_mxfp8.dir/pipeline_main.cu.o
[ 33%] Building CUDA object CMakeFiles/pipeline_nvfp4.dir/pipeline_main.cu.o
[ 50%] Building CXX object CMakeFiles/pipeline_nvfp4.dir/tests/reference.cpp.o
[ 66%] Building CXX object CMakeFiles/pipeline_mxfp8.dir/tests/reference.cpp.o
[ 83%] Linking CXX executable pipeline_nvfp4
[100%] Linking CXX executable pipeline_mxfp8
[100%] Built target pipeline_nvfp4
[100%] Built target pipeline_mxfp8
